// Jest Snapshot v1, https://goo.gl/fbAQLP

exports[`routes using memory router should show Home component for / router (using memory router) 1`] = `
<MemoryRouter
  initialEntries={
    Array [
      "/",
    ]
  }
>
  <Router
    history={
      Object {
        "action": "POP",
        "block": [Function],
        "canGo": [Function],
        "createHref": [Function],
        "entries": Array [
          Object {
            "hash": "",
            "key": "l8xpyj",
            "pathname": "/",
            "search": "",
            "state": undefined,
          },
        ],
        "go": [Function],
        "goBack": [Function],
        "goForward": [Function],
        "index": 0,
        "length": 1,
        "listen": [Function],
        "location": Object {
          "hash": "",
          "key": "l8xpyj",
          "pathname": "/",
          "search": "",
          "state": undefined,
        },
        "push": [Function],
        "replace": [Function],
      }
    }
  >
    <Routes>
      <Suspense
        fallback={
          <div>
            Loading...
          </div>
        }
      >
        <Switch />
      </Suspense>
    </Routes>
  </Router>
</MemoryRouter>
`;
