// Jest Snapshot v1, https://goo.gl/fbAQLP

exports[`<GridPost /> #event valida se o evento foi disparado ao clicar em btn-edit 1`] = `
<button
  className="btn-edit"
  href="../1"
>
  Editar
</button>
`;

exports[`<GridPost /> #event valida se o evento foi disparado ao clicar em btn-exclude 1`] = `
<button
  className="btn-exclude"
>
  Excluir
</button>
`;
